[www.infobae.com/sociedad/policiales/2025/04/10/detuvieron-a-una-mujer-que-viajaba-en-remis-con-tres-kilos-de-cocaina-pegados-al-cuerpo/index.html]
[backblue.gif]
[fade.gif]
[index.html]
[www.infobae.com/pf/resources/dist/infobae/css/main1c7a.css]
[www.infobae.com/pf/dist/engine/reactf4d1.js]
[www.infobae.com/pf/resources/dist/infobae/js/main1c7a.js]
[www.infobae.com/pf/dist/components/combinations/defaultf4d1.js]
[d1bl11pgu3tw3h.cloudfront.net/vendor/comscore/5.2.0/streamsense.min7d21.js]
[sb.scorecardresearch.com/beacon.js]
[sb.scorecardresearch.com/internal-cs/default/beacon.js]
[www.google-analytics.com/analytics.js]
[applets.ebxcdn.com/ebx.js]
[functions.adnami.io/api/macro/adsm.macro.infobae.com.js]
[a564e303-c351-48a1-b5d1-38585e343734.edge.permutive.app/aa463839-b614-4c77-b5e9-6cdf10e1960c-web.js]
[connect.facebook.net/en_US/fbevents.js]
[cdn.onesignal.com/sdks/web/v16/OneSignalSDK.page.js]
[www.infobae.com/pf/resources/favicon/favicon-32x321c7a.gif]
[www.infobae.com/pf/resources/favicon/favicon-16x161c7a.gif]
[www.infobae.com/pf/resources/favicon/apple-touch-icon1c7a.png]
[www.infobae.com/pf/resources/favicon/apple-touch-icon-precomposed1c7a.png]
[www.infobae.com/pf/resources/favicon/apple-touch-icon-120x1201c7a.png]
[www.infobae.com/pf/resources/favicon/apple-touch-icon-120x120-precomposed1c7a.png]
[www.infobae.com/sociedad/policiales/2025/04/10/detuvieron-a-una-mujer-que-viajaba-en-remis-con-tres-kilos-de-cocaina-pegados-al-cuerpo/index3c1a.html]
[www.infobae.com/pf/resources/favicon/apple-touch-icon-152x1521c7a.png]
[www.infobae.com/pf/resources/favicon/apple-touch-icon-152x152-precomposed1c7a.png]
[www.infobae.com/pf/resources/favicon/android-chrome-192x1921c7a.png]
[www.infobae.com/pf/resources/favicon/android-chrome-512x5121c7a.png]
[www.infobae.com/resizer/v2/YVYK6A3SV5DVDMG6TLGGKPEUKU99e8.jpg]
[www.infobae.com/resizer/v2/5LEFSGUDBFFINNJ66G4ABRON6M0463.jpg]
[www.infobae.com/resizer/v2/GOFICZA255G3DJDFUJTAAJKTU46a54.jpg]
[www.infobae.com/resizer/v2/JYTKB7T2DBGX3PABKP5HKAEOO4a94b.jpg]
[www.infobae.com/resizer/v2/3R7RNDG7YNFRVCWWQEUW5DFU2Y2d26.jpg]
[www.infobae.com/resizer/v2/NT324YKLPVASJCQMLZOH53M2VMdccd.jpg]
[www.infobae.com/resizer/v2/KNFPRDEVVNDLVP4IKE46PJSUBIa314.jpg]
[www.infobae.com/resizer/v2/TYGGDYLCPZEFNAIMKX2W7TGH3Y6842.jpg]
[www.infobae.com/resizer/v2/7QSEHQQAAVDCLOHXOWECC3BZSQ7e3f.jpg]
[www.infobae.com/resizer/v2/6BMW5BC3FFDOTCFTF25VPEXVZ40761.jpg]
[www.infobae.com/resizer/v2/34LD5EQMJBH7NJMEUDVFC24ZBE3013.jpg]
[www.infobae.com/resizer/v2/THTRPQMNEBFE3OTJ2OTAEFRUDAafcd.jpg]
[www.infobae.com/resizer/v2/ENVB4KLVKASMGZ54SYX3M75B54d058.jpg]
[www.infobae.com/resizer/v2/DIKUWEFOU5ERTMU226Z3UE4SSEae9d.jpg]
[www.infobae.com/resizer/v2/TGRVVS5ESFFAXLWOO4MRGKBXHQe588.jpg]
[www.infobae.com/marfeel-sdk5445.js]
[www.infobae.com/marfeel-sdk.es55445.js]
[www.infobae.com/sociedad/policiales/2025/04/10/detuvieron-a-una-mujer-que-viajaba-en-remis-con-tres-kilos-de-cocaina-pegados-al-cuerpo/index.html]
[www.infobae.com/pf/resources/images/closef4d1.png]
[www.infobae.com/pf/resources/images/podcast_backgroundf4d1.jpg]
[www.infobae.com/resizer/v2/BB4YVOOXJREOZGNTG6NBZTGS6A8700.png]
[www.infobae.com/pf/resources/dist/infobae/css/main1c7a.css]
[www.googletagmanager.com/gtm5445.html]
[www.infobae.com/signals/iwl.js]
[www.infobae.com/signals/iwl0fc5.js]
[connect.facebook.net/en_US/fbevents.js]
[www.infobae.com/resizer/v2/YVYK6A3SV5DVDMG6TLGGKPEUKUc2b8.jpg]
[www.infobae.com/resizer/v2/YVYK6A3SV5DVDMG6TLGGKPEUKUd50f.jpg]
[cdn.ampproject.org/v0.js]
[cdn.ampproject.org/v0/amp-social-share-0.1.js]
[cdn.ampproject.org/v0/amp-iframe-0.1.js]
[cdn.ampproject.org/v0/amp-analytics-0.1.js]
[cdn.ampproject.org/v0/amp-bind-0.1.js]
[cdn.ampproject.org/v0/amp-ad-0.1.js]
[cdn.ampproject.org/v0/amp-sticky-ad-1.0.js]
[cdn.ampproject.org/v0/amp-consent-0.1.js]
[cdn.ampproject.org/v0/amp-list-0.1.js]
[cdn.ampproject.org/v0/amp-mustache-0.2.js]
[cdn.ampproject.org/v0/amp-script-0.1.js]
[cdn.ampproject.org/v0/amp-geo-0.1.js]
[www.infobae.com/sociedad/policiales/2025/04/10/detuvieron-a-una-mujer-que-viajaba-en-remis-con-tres-kilos-de-cocaina-pegados-al-cuerpo/index3c1a.html]
[www.infobae.com/marfeel-sdk5445.html]
[www.infobae.com/marfeel-sdk.es55445.html]
[www.infobae.com/sociedad/policiales/2025/04/10/detuvieron-a-una-mujer-que-viajaba-en-remis-con-tres-kilos-de-cocaina-pegados-al-cuerpo/signals/config/index.html]
[www.infobae.com/sociedad/policiales/2025/04/10/detuvieron-a-una-mujer-que-viajaba-en-remis-con-tres-kilos-de-cocaina-pegados-al-cuerpo/signals/plugins/index.html]
[www.infobae.com/sociedad/policiales/2025/04/10/detuvieron-a-una-mujer-que-viajaba-en-remis-con-tres-kilos-de-cocaina-pegados-al-cuerpo/schema.org/index.html]
[www.infobae.com/signals/iwl.html]
[www.infobae.com/signals/iwl0fc5.html]
[flowcards.mrf.io/statics/experience-amp/sha384-jUOYEcp0xo-MkMzGl5SoMbvvnXQ-_aAsFNRxfd_Wku7zTc6VvWlnHAn5VSl3dlpF/card-transitioner.es2015.js]
